maybe
maybe
false
false
false
false
maybe
maybe
false
maybe
maybe 
true
false
false
true
maybe
maybe 
maybe
false
false
true
true
false
false
false
false
false
false
false
false
false
false
false
false
false
false
false
false
false
false
false
maybe
maybe
false
false
false
maybe
maybe
maybe
maybe
maybe
maybe
maybe
false
false
maybe
maybe

maybe
maybe
maybe
maybe